// Jest Snapshot v1, https://goo.gl/fbAQLP

exports[`NewCardForm that it matches an existing snapshot 1`] = `
<NewCardForm
  addCardCallback={[Function]}
>
  <section
    className="new-card-form"
  >
    <h2
      className="new-card-form__header"
    >
      Create new card
    </h2>
    <form
      className="new-card-form__form"
      onSubmit={[Function]}
    >
      <div>
        <label
          className="new-card-form__form-label"
          htmlFor="text"
        >
          Text:
        </label>
        <input
          className="new-card-form__form-textarea"
          name="text"
          onChange={[Function]}
          type="text"
          value=""
        />
      </div>
      <div>
        <label
          className="new-card-form__form-label"
          htmlFor="emoji"
        >
          Emoji:
        </label>
        <select
          className="new-card-form__form-select"
          name="emoji"
          onChange={[Function]}
          type="text"
          value=""
        >
          <option
            key="0"
            value=""
          />
          <option
            key="1"
            value="heart_eyes"
          >
            😍
          </option>
          <option
            key="2"
            value="grin"
          >
            😁
          </option>
          <option
            key="3"
            value="joy"
          >
            😂
          </option>
          <option
            key="4"
            value="star_struck"
          >
            🤩
          </option>
          <option
            key="5"
            value="nerd_face"
          >
            🤓
          </option>
          <option
            key="6"
            value="kissing_heart"
          >
            😘
          </option>
          <option
            key="7"
            value="grinning"
          >
            😀
          </option>
          <option
            key="8"
            value="grimacing"
          >
            😬
          </option>
          <option
            key="9"
            value="beer"
          >
            🍺
          </option>
          <option
            key="10"
            value="clap"
          >
            👏
          </option>
          <option
            key="11"
            value="sparkling_heart"
          >
            💖
          </option>
          <option
            key="12"
            value="heart_eyes_cat"
          >
            😻
          </option>
          <option
            key="13"
            value="joy_cat"
          >
            😹
          </option>
          <option
            key="14"
            value="smile_cat"
          >
            😸
          </option>
          <option
            key="15"
            value="kissing_cat"
          >
            😽
          </option>
          <option
            key="16"
            value="star"
          >
            ⭐
          </option>
          <option
            key="17"
            value="dog"
          >
            🐶
          </option>
          <option
            key="18"
            value="octopus"
          >
            🐙
          </option>
          <option
            key="19"
            value="woman_technologist"
          >
            👩‍💻
          </option>
        </select>
      </div>
      <div>
        <input
          className="new-card-form__form-button"
          type="submit"
          value="Submit"
        />
      </div>
    </form>
  </section>
</NewCardForm>
`;
